Microchip MPLAB XC8 Compiler V2.41

Linker command line:

-W-3 \
  --edf=C:\Program Files\Microchip\xc8\v2.41\pic\dat\20230208172133_en.msgs \
  -cn -h+dist/default/production\car_black_box16.X.production.sym \
  --cmf=dist/default/production\car_black_box16.X.production.cmf -z \
  -Q18F4580 -oC:\Users\jayan\AppData\Local\Temp\xcAsk14.\driver_tmp_3.o \
  --defsym=__MPLAB_BUILD=1 --fixupoverflow=error \
  -Mdist/default/production/car_black_box16.X.production.map \
  --md=C:\Users\jayan\AppData\Local\Temp\xcAsk14.\driver_tmp_0.dat -E1 \
  -ver=XC8 Compiler --acfsm=1493 -ACODE=00h-03000h -ACONST=00h-03000h \
  -ASMALLCONST=0600h-06FFhx42,03000h-03000h -AMEDIUMCONST=0600h-03000h \
  -ACOMRAM=01h-05Fh -AABS1=00h-05FFh -ABIGRAM=01h-05FFh \
  -ARAM=060h-0FFh,0100h-01FFhx5 -ABANK0=060h-0FFh -ABANK1=0100h-01FFh \
  -ABANK2=0200h-02FFh -ABANK3=0300h-03FFh -ABANK4=0400h-04FFh \
  -ABANK5=0500h-05FFh -ASFR=0D00h-0DFFhx2,0F00h-0F5Fh,0F60h-0FFFh \
  -ABIGSFR=0D00h-0FFFh -ACONFIG=0300000h-030000Dh -AIDLOC=0200000h-0200007h \
  -AEEDATA=0F00000h-0F000FFh -peeprom_data=EEDATA \
  -preset_vec=00h,intcode,intcodelo,powerup,init -pramtop=0600h \
  -psmallconst=SMALLCONST -pmediumconst=MEDIUMCONST -pconst=CONST \
  -AFARRAM=00h-00h \
  -prdata=COMRAM,nvrram=COMRAM,nvbit=COMRAM,rbss=COMRAM,rbit=COMRAM \
  -pfarbss=FARRAM,fardata=FARRAM,nvFARRAM=FARRAM \
  -pintsave_regs=BIGRAM,bigbss=BIGRAM,bigdata=BIGRAM -pbss=RAM \
  -pidata=CODE,irdata=CODE,ibigdata=CODE,ifardata=CODE -prparam=COMRAM \
  C:\Users\jayan\AppData\Local\Temp\xcAsk14.\driver_tmp_9.o \
  dist/default/production\car_black_box16.X.production.o 

Object code version is 3.11

Machine type is 18F4580



                Name                               Link     Load   Length Selector   Space Scale
C:\Users\jayan\AppData\Local\Temp\xcAsk14.\driver_tmp_9.o
                idloc                            200000   200000        8        0       5
                config                           300000   300000        E        0       4
                init                                  0        0        4        0       0
dist/default/production\car_black_box16.X.production.o
                idloc                            200000   200000        8        0       5
                config                           300000   300000        E        0       4
                mediumconst                        2EDE     2EDE      122     176F       0
                text41                             1734     1734       3A      B9A       0
                text40                             194E     194E       6C      CA7       0
                text39                             1836     1836       52      C1B       0
                text38                             15EA     15EA       18      AF5       0
                text37                             2540     2540      1FC     12A0       0
                text36                             1656     1656       26      B2B       0
                text35                             1548     1548        6      AA4       0
                text34                             15A2     15A2       12      AD1       0
                text33                             154E     154E        8      AA7       0
                text32                             157A     157A        C      ABD       0
                text31                             1556     1556        8      AAB       0
                text30                             155E     155E        8      AAF       0
                text29                             1566     1566        8      AB3       0
                text28                             1586     1586        C      AC3       0
                text27                             167C     167C       2A      B3E       0
                text26                             23A6     23A6      19A     11D3       0
                text25                             1602     1602       18      B01       0
                text24                             16FE     16FE       36      B7F       0
                text23                             2218     2218      18E     110C       0
                text22                             16A6     16A6       2A      B53       0
                text21                             1AA4     1AA4       80      D52       0
                text20                             161A     161A       1E      B0D       0
                text19                             17EE     17EE       48      BF7       0
                text18                             16D0     16D0       2E      B68       0
                text17                             1B24     1B24       A8      D92       0
                text16                             1592     1592       10      AC9       0
                text15                             15B4     15B4       12      ADA       0
                text14                             1638     1638       1E      B1C       0
                text13                             1D40     1D40      108      EA0       0
                text12                             1A2E     1A2E       76      D17       0
                text11                             1C7C     1C7C       C4      E3E       0
                text10                             1BCC     1BCC       B0      DE6       0
                text9                              2950     2950      58E     14A8       0
                text8                              15C6     15C6       12      AE3       0
                text7                              19BA     19BA       74      CDD       0
                text6                              18EA     18EA       64      C75       0
                text5                              176E     176E       40      BB7       0
                text4                              1F7A     1F7A      14E      FBD       0
                text3                              17AE     17AE       40      BD7       0
                text2                              273C     273C      214     139E       0
                text1                              20C8     20C8      150     1064       0
                text0                              1E48     1E48      132      F24       0
                cstackCOMRAM                         28       28       1F        1       1
                dataBANK0                            CE       CE       12       60       1
                bssBANK0                             60       60       6E       60       1
                dataCOMRAM                           47       47        B        1       1
                bssCOMRAM                             1        1       27        1       1
                cinit                              1888     1888       62      C44       0
                idataBANK0                         15D8     15D8       12     15D8       0
                idataCOMRAM                        156F     156F        B     156F       0

TOTAL           Name                               Link     Load   Length     Space
        CLASS   CODE           
                init                                  0        0        4         0
                text41                             1734     1734       3A         0
                text40                             194E     194E       6C         0
                text39                             1836     1836       52         0
                text38                             15EA     15EA       18         0
                text37                             2540     2540      1FC         0
                text36                             1656     1656       26         0
                text35                             1548     1548        6         0
                text34                             15A2     15A2       12         0
                text33                             154E     154E        8         0
                text32                             157A     157A        C         0
                text31                             1556     1556        8         0
                text30                             155E     155E        8         0
                text29                             1566     1566        8         0
                text28                             1586     1586        C         0
                text27                             167C     167C       2A         0
                text26                             23A6     23A6      19A         0
                text25                             1602     1602       18         0
                text24                             16FE     16FE       36         0
                text23                             2218     2218      18E         0
                text22                             16A6     16A6       2A         0
                text21                             1AA4     1AA4       80         0
                text20                             161A     161A       1E         0
                text19                             17EE     17EE       48         0
                text18                             16D0     16D0       2E         0
                text17                             1B24     1B24       A8         0
                text16                             1592     1592       10         0
                text15                             15B4     15B4       12         0
                text14                             1638     1638       1E         0
                text13                             1D40     1D40      108         0
                text12                             1A2E     1A2E       76         0
                text11                             1C7C     1C7C       C4         0
                text10                             1BCC     1BCC       B0         0
                text9                              2950     2950      58E         0
                text8                              15C6     15C6       12         0
                text7                              19BA     19BA       74         0
                text6                              18EA     18EA       64         0
                text5                              176E     176E       40         0
                text4                              1F7A     1F7A      14E         0
                text3                              17AE     17AE       40         0
                text2                              273C     273C      214         0
                text1                              20C8     20C8      150         0
                text0                              1E48     1E48      132         0
                cinit                              1888     1888       62         0
                idataBANK0                         15D8     15D8       12         0
                idataCOMRAM                        156F     156F        B         0

        CLASS   CONST          

        CLASS   SMALLCONST     

        CLASS   MEDIUMCONST    
                mediumconst                        2EDE     2EDE      122         0

        CLASS   COMRAM         
                cstackCOMRAM                         28       28       1F         1
                dataCOMRAM                           47       47        B         1
                bssCOMRAM                             1        1       27         1

        CLASS   ABS1           

        CLASS   BIGRAM         

        CLASS   RAM            

        CLASS   BANK0          
                dataBANK0                            CE       CE       12         1
                bssBANK0                             60       60       6E         1

        CLASS   BANK1          

        CLASS   BANK2          

        CLASS   BANK3          

        CLASS   BANK4          

        CLASS   BANK5          

        CLASS   SFR            

        CLASS   BIGSFR         

        CLASS   CONFIG         
                config                           300000   300000        E         4

        CLASS   IDLOC          
                idloc                            200000   200000        8         5

        CLASS   EEDATA         

        CLASS   FARRAM         

        CLASS   HEAP           

        CLASS   STACK          



SEGMENTS        Name                           Load    Length   Top    Selector   Space  Class

                reset_vec                      000000  000004  000004         0       0  CODE    
                bssCOMRAM                      000001  000051  000052         1       1  COMRAM  
                bssBANK0                       000060  000080  0000E0        60       1  BANK0   
                text35                         001548  000006  00154E       AA4       0  CODE    
                text33                         00154E  000008  001556       AA7       0  CODE    
                text31                         001556  000008  00155E       AAB       0  CODE    
                text30                         00155E  000008  001566       AAF       0  CODE    
                text29                         001566  000008  00156E       AB3       0  CODE    
                idataCOMRAM                    00156F  00000B  00157A      156F       0  CODE    
                text32                         00157A  00000C  001586       ABD       0  CODE    
                text28                         001586  00000C  001592       AC3       0  CODE    
                text16                         001592  000010  0015A2       AC9       0  CODE    
                text34                         0015A2  000012  0015B4       AD1       0  CODE    
                text15                         0015B4  000012  0015C6       ADA       0  CODE    
                text8                          0015C6  000012  0015D8       AE3       0  CODE    
                idataBANK0                     0015D8  000012  0015EA      15D8       0  CODE    
                text38                         0015EA  000018  001602       AF5       0  CODE    
                text25                         001602  000018  00161A       B01       0  CODE    
                text20                         00161A  00001E  001638       B0D       0  CODE    
                text14                         001638  00001E  001656       B1C       0  CODE    
                text36                         001656  000026  00167C       B2B       0  CODE    
                text27                         00167C  00002A  0016A6       B3E       0  CODE    
                text22                         0016A6  00002A  0016D0       B53       0  CODE    
                text18                         0016D0  00002E  0016FE       B68       0  CODE    
                text24                         0016FE  000036  001734       B7F       0  CODE    
                text41                         001734  00003A  00176E       B9A       0  CODE    
                text5                          00176E  000040  0017AE       BB7       0  CODE    
                text3                          0017AE  000040  0017EE       BD7       0  CODE    
                text19                         0017EE  000048  001836       BF7       0  CODE    
                text39                         001836  000052  001888       C1B       0  CODE    
                cinit                          001888  000062  0018EA       C44       0  CODE    
                text6                          0018EA  000064  00194E       C75       0  CODE    
                text40                         00194E  00006C  0019BA       CA7       0  CODE    
                text7                          0019BA  000074  001A2E       CDD       0  CODE    
                text12                         001A2E  000076  001AA4       D17       0  CODE    
                text21                         001AA4  000080  001B24       D52       0  CODE    
                text17                         001B24  0000A8  001BCC       D92       0  CODE    
                text10                         001BCC  0000B0  001C7C       DE6       0  CODE    
                text11                         001C7C  0000C4  001D40       E3E       0  CODE    
                text13                         001D40  000108  001E48       EA0       0  CODE    
                text0                          001E48  000132  001F7A       F24       0  CODE    
                text4                          001F7A  00014E  0020C8       FBD       0  CODE    
                text1                          0020C8  000150  002218      1064       0  CODE    
                text23                         002218  00018E  0023A6      110C       0  CODE    
                text26                         0023A6  00019A  002540      11D3       0  CODE    
                text37                         002540  0001FC  00273C      12A0       0  CODE    
                text2                          00273C  000214  002950      139E       0  CODE    
                text9                          002950  00058E  002EDE      14A8       0  CODE    
                mediumconst                    002EDE  000122  003000      176F       0  MEDIUMCO


UNUSED ADDRESS RANGES

        Name                Unused          Largest block    Delta
        BANK0            0000E0-0000FF               20
        BANK1            000100-0001FF              100
        BANK2            000200-0002FF              100
        BANK3            000300-0003FF              100
        BANK4            000400-0004FF              100
        BANK5            000500-0005FF              100
        BIGRAM           000052-00005F                E
                         0000E0-0005FF              520
        BIGSFR           000D00-000FFF              300
        CODE             000004-001547             1544
                         00156E-00156E                1
                         003000-003000                1
        COMRAM           000052-00005F                E
        CONST            000004-001547             1544
                         00156E-00156E                1
                         003000-003000                1
        EEDATA           F00000-F000FF              100
        MEDIUMCONST      000600-001547              F48
                         00156E-00156E                1
                         003000-003000                1
        RAM              0000E0-0005FF              100
        SFR              000D00-000FFF              100
        SMALLCONST       000600-001547              100
                         00156E-00156E                1
                         003000-003000                1

                                  Symbol Table

?___awdiv                      cstackCOMRAM 000028
?___awmod                      cstackCOMRAM 000028
?___lwdiv                      cstackCOMRAM 00002E
?___lwmod                      cstackCOMRAM 000028
?___wmul                       cstackCOMRAM 000028
?_read_adc                     cstackCOMRAM 000028
_ACKDT                         (abs)        007E2D
_ACKEN                         (abs)        007E2C
_ACKSTAT                       (abs)        007E2E
_ACQT0                         (abs)        007E03
_ACQT1                         (abs)        007E04
_ACQT2                         (abs)        007E05
_ADCON1                        (abs)        000FC1
_ADCS0                         (abs)        007E00
_ADCS1                         (abs)        007E01
_ADCS2                         (abs)        007E02
_ADFM                          (abs)        007E07
_ADON                          (abs)        007E10
_ADRESH                        (abs)        000FC4
_ADRESL                        (abs)        000FC3
_BRG16                         (abs)        007DC3
_BRGH                          (abs)        007D62
_CHS0                          (abs)        007E12
_CHS1                          (abs)        007E13
_CHS2                          (abs)        007E14
_CHS3                          (abs)        007E15
_CKE                           (abs)        007E3E
_CREN                          (abs)        007D5C
_GO                            (abs)        007E11
_Jay                           bssCOMRAM    000010
_PCFG0                         (abs)        007E08
_PCFG1                         (abs)        007E09
_PCFG2                         (abs)        007E0A
_PCFG3                         (abs)        007E0B
_PEN                           (abs)        007E2A
_PORTB                         (abs)        000F81
_PORTBbits                     (abs)        000F81
_PORTD                         (abs)        000F83
_RBPU                          (abs)        007F8F
_RC0                           (abs)        007C10
_RC1                           (abs)        007C11
_RC2                           (abs)        007C12
_RCEN                          (abs)        007E2B
_RCIF                          (abs)        007CF5
_RCREG                         (abs)        000FAE
_RD7                           (abs)        007C1F
_RSEN                          (abs)        007E29
_RX9                           (abs)        007D5E
_SEN                           (abs)        007E28
_SENDB                         (abs)        007D63
_SPBRG                         (abs)        000FAF
_SPEN                          (abs)        007D5F
_SSPADD                        (abs)        000FC8
_SSPBUF                        (abs)        000FC9
_SSPCON1                       (abs)        000FC6
_SSPIF                         (abs)        007CF3
_SYNC                          (abs)        007D64
_TRISB                         (abs)        000F93
_TRISC                         (abs)        000F94
_TRISC3                        (abs)        007CA3
_TRISC4                        (abs)        007CA4
_TRISD                         (abs)        000F95
_TRISD7                        (abs)        007CAF
_TX9                           (abs)        007D66
_TXEN                          (abs)        007D65
_TXIF                          (abs)        007CF4
_TXREG                         (abs)        000FAD
_VCFG0                         (abs)        007E0C
_VCFG1                         (abs)        007E0D
__HRAM                         (abs)        000000
__H__absolute__                __absolute__ 000000
__Habs1                        abs1         000000
__Hbank0                       bank0        000000
__Hbank1                       bank1        000000
__Hbank2                       bank2        000000
__Hbank3                       bank3        000000
__Hbank4                       bank4        000000
__Hbank5                       bank5        000000
__Hbigbss                      bigbss       000000
__Hbigdata                     bigdata      000000
__Hbigram                      bigram       000000
__Hbigsfr                      bigsfr       000000
__Hbss                         bss          000000
__HbssBANK0                    bssBANK0     000000
__HbssCOMRAM                   bssCOMRAM    000000
__Hcinit                       cinit        000000
__Hclrtext                     clrtext      000000
__Hcomram                      comram       000000
__Hconfig                      config       30000E
__Hconst                       const        000000
__HcstackCOMRAM                cstackCOMRAM 000000
__Hdata                        data         000000
__HdataBANK0                   dataBANK0    000000
__HdataCOMRAM                  dataCOMRAM   000000
__Heeprom_data                 eeprom_data  000000
__Hfarbss                      farbss       000000
__Hfardata                     fardata      000000
__Hheap                        heap         000000
__Hibigdata                    ibigdata     000000
__Hidata                       idata        000000
__HidataBANK0                  idataBANK0   000000
__HidataCOMRAM                 idataCOMRAM  000000
__Hidloc                       idloc        200008
__Hifardata                    ifardata     000000
__Hinit                        init         000004
__Hintcode                     intcode      000000
__Hintcode_body                intcode_body 000000
__Hintcodelo                   intcodelo    000000
__Hintentry                    intentry     000000
__Hintret                      intret       000000
__Hintsave_regs                intsave_regs 000000
__Hirdata                      irdata       000000
__Hmediumconst                 mediumconst  003000
__HnvFARRAM                    nvFARRAM     000000
__Hnvbit                       nvbit        000000
__Hnvrram                      nvrram       000000
__Hparam                       rparam       000000
__Hpowerup                     powerup      000000
__Hram                         ram          000000
__Hramtop                      ramtop       000600
__Hrbit                        rbit         000000
__Hrbss                        rbss         000000
__Hrdata                       rdata        000000
__Hreset_vec                   reset_vec    000000
__Hrparam                      rparam       000000
__Hsfr                         sfr          000000
__Hsmallconst                  smallconst   000000
__Hspace_0                     (abs)        003000
__Hspace_1                     (abs)        0000E0
__Hspace_2                     (abs)        000000
__Hspace_4                     (abs)        60000E
__Hstack                       stack        000000
__Hstruct                      struct       000000
__Htemp                        temp         000000
__Htext                        text         000000
__Htext0                       text0        000000
__Htext1                       text1        000000
__Htext10                      text10       000000
__Htext11                      text11       000000
__Htext12                      text12       000000
__Htext13                      text13       000000
__Htext14                      text14       000000
__Htext15                      text15       000000
__Htext16                      text16       000000
__Htext17                      text17       000000
__Htext18                      text18       000000
__Htext19                      text19       000000
__Htext2                       text2        000000
__Htext20                      text20       000000
__Htext21                      text21       000000
__Htext22                      text22       000000
__Htext23                      text23       000000
__Htext24                      text24       000000
__Htext25                      text25       000000
__Htext26                      text26       000000
__Htext27                      text27       000000
__Htext28                      text28       000000
__Htext29                      text29       000000
__Htext3                       text3        000000
__Htext30                      text30       000000
__Htext31                      text31       000000
__Htext32                      text32       000000
__Htext33                      text33       000000
__Htext34                      text34       000000
__Htext35                      text35       000000
__Htext36                      text36       000000
__Htext37                      text37       000000
__Htext38                      text38       000000
__Htext39                      text39       000000
__Htext4                       text4        000000
__Htext40                      text40       000000
__Htext41                      text41       000000
__Htext5                       text5        000000
__Htext6                       text6        000000
__Htext7                       text7        000000
__Htext8                       text8        000000
__Htext9                       text9        000000
__LRAM                         (abs)        000001
__L__absolute__                __absolute__ 000000
__Labs1                        abs1         000000
__Lbank0                       bank0        000000
__Lbank1                       bank1        000000
__Lbank2                       bank2        000000
__Lbank3                       bank3        000000
__Lbank4                       bank4        000000
__Lbank5                       bank5        000000
__Lbigbss                      bigbss       000000
__Lbigdata                     bigdata      000000
__Lbigram                      bigram       000000
__Lbigsfr                      bigsfr       000000
__Lbss                         bss          000000
__LbssBANK0                    bssBANK0     000000
__LbssCOMRAM                   bssCOMRAM    000000
__Lcinit                       cinit        000000
__Lclrtext                     clrtext      000000
__Lcomram                      comram       000000
__Lconfig                      config       000000
__Lconst                       const        000000
__LcstackCOMRAM                cstackCOMRAM 000000
__Ldata                        data         000000
__LdataBANK0                   dataBANK0    000000
__LdataCOMRAM                  dataCOMRAM   000000
__Leeprom_data                 eeprom_data  000000
__Lfarbss                      farbss       000000
__Lfardata                     fardata      000000
__Lheap                        heap         000000
__Libigdata                    ibigdata     000000
__Lidata                       idata        000000
__LidataBANK0                  idataBANK0   000000
__LidataCOMRAM                 idataCOMRAM  000000
__Lidloc                       idloc        000000
__Lifardata                    ifardata     000000
__Linit                        init         000000
__Lintcode                     intcode      000000
__Lintcode_body                intcode_body 000000
__Lintcodelo                   intcodelo    000000
__Lintentry                    intentry     000000
__Lintret                      intret       000000
__Lintsave_regs                intsave_regs 000000
__Lirdata                      irdata       000000
__Lmediumconst                 mediumconst  002EDE
__LnvFARRAM                    nvFARRAM     000000
__Lnvbit                       nvbit        000000
__Lnvrram                      nvrram       000000
__Lparam                       rparam       000000
__Lpowerup                     powerup      000000
__Lram                         ram          000000
__Lramtop                      ramtop       000600
__Lrbit                        rbit         000000
__Lrbss                        rbss         000000
__Lrdata                       rdata        000000
__Lreset_vec                   reset_vec    000000
__Lrparam                      rparam       000000
__Lsfr                         sfr          000000
__Lsmallconst                  smallconst   000000
__Lspace_0                     (abs)        000000
__Lspace_1                     (abs)        000000
__Lspace_2                     (abs)        000000
__Lspace_4                     (abs)        000000
__Lstack                       stack        000000
__Lstruct                      struct       000000
__Ltemp                        temp         000000
__Ltext                        text         000000
__Ltext0                       text0        000000
__Ltext1                       text1        000000
__Ltext10                      text10       000000
__Ltext11                      text11       000000
__Ltext12                      text12       000000
__Ltext13                      text13       000000
__Ltext14                      text14       000000
__Ltext15                      text15       000000
__Ltext16                      text16       000000
__Ltext17                      text17       000000
__Ltext18                      text18       000000
__Ltext19                      text19       000000
__Ltext2                       text2        000000
__Ltext20                      text20       000000
__Ltext21                      text21       000000
__Ltext22                      text22       000000
__Ltext23                      text23       000000
__Ltext24                      text24       000000
__Ltext25                      text25       000000
__Ltext26                      text26       000000
__Ltext27                      text27       000000
__Ltext28                      text28       000000
__Ltext29                      text29       000000
__Ltext3                       text3        000000
__Ltext30                      text30       000000
__Ltext31                      text31       000000
__Ltext32                      text32       000000
__Ltext33                      text33       000000
__Ltext34                      text34       000000
__Ltext35                      text35       000000
__Ltext36                      text36       000000
__Ltext37                      text37       000000
__Ltext38                      text38       000000
__Ltext39                      text39       000000
__Ltext4                       text4        000000
__Ltext40                      text40       000000
__Ltext41                      text41       000000
__Ltext5                       text5        000000
__Ltext6                       text6        000000
__Ltext7                       text7        000000
__Ltext8                       text8        000000
__Ltext9                       text9        000000
__S0                           (abs)        003000
__S1                           (abs)        0000E0
__S4                           (abs)        000000
__S5                           (abs)        000000
___awdiv                       text11       001C7C
___awdiv@counter               cstackCOMRAM 00002C
___awdiv@dividend              cstackCOMRAM 000028
___awdiv@divisor               cstackCOMRAM 00002A
___awdiv@quotient              cstackCOMRAM 00002E
___awdiv@sign                  cstackCOMRAM 00002D
___awmod                       text10       001BCC
___awmod@counter               cstackCOMRAM 00002C
___awmod@dividend              cstackCOMRAM 000028
___awmod@divisor               cstackCOMRAM 00002A
___awmod@sign                  cstackCOMRAM 00002D
___heap_hi                     (abs)        000000
___heap_lo                     (abs)        000000
___inthi_sp                    stack        000000
___intlo_sp                    stack        000000
___lwdiv                       text7        0019BA
___lwdiv@counter               cstackCOMRAM 000034
___lwdiv@dividend              cstackCOMRAM 00002E
___lwdiv@divisor               cstackCOMRAM 000030
___lwdiv@quotient              cstackCOMRAM 000032
___lwmod                       text6        0018EA
___lwmod@counter               cstackCOMRAM 00002C
___lwmod@dividend              cstackCOMRAM 000028
___lwmod@divisor               cstackCOMRAM 00002A
___param_bank                  (abs)        000000
___rparam_used                 (abs)        000001
___sp                          stack        000000
___wmul                        text36       001656
___wmul@multiplicand           cstackCOMRAM 00002A
___wmul@multiplier             cstackCOMRAM 000028
___wmul@product                cstackCOMRAM 00002C
__accesstop                    (abs)        000060
__activetblptr                 (abs)        000002
__end_of___awdiv               text11       001D40
__end_of___awmod               text10       001C7C
__end_of___lwdiv               text7        001A2E
__end_of___lwmod               text6        00194E
__end_of___wmul                text36       00167C
__end_of__initialization       cinit        0018E0
__end_of_clcd_print            text40       0019BA
__end_of_clcd_putch            text38       001602
__end_of_clcd_write            text41       00176E
__end_of_clear_log             text39       001888
__end_of_display_main_menu     text37       00273C
__end_of_display_time          text8        0015D8
__end_of_download_log          text23       0023A6
__end_of_event_reader          text26       002540
__end_of_event_store           text4        0020C8
__end_of_get_time              text21       001B24
__end_of_i2c_idle              text34       0015B4
__end_of_i2c_no_ack            text35       00154E
__end_of_i2c_read              text32       001586
__end_of_i2c_rep_start         text31       00155E
__end_of_i2c_rx_mode           text33       001556
__end_of_i2c_start             text30       001566
__end_of_i2c_stop              text29       00156E
__end_of_i2c_write             text28       001592
__end_of_init_DS1307           text19       001836
__end_of_init_adc              text18       0016FE
__end_of_init_clcd             text17       001BCC
__end_of_init_config           text14       001656
__end_of_init_i2c              text16       0015A2
__end_of_init_matrix_keypad    text15       0015C6
__end_of_main                  text0        001F7A
__end_of_putch                 text25       00161A
__end_of_puts                  text24       001734
__end_of_read_DS1307           text22       0016D0
__end_of_read_adc              text3        0017EE
__end_of_read_external_eeprom  text27       0016A6
__end_of_read_switches         text12       001AA4
__end_of_scan_key              text13       001E48
__end_of_set_time              text9        002EDE
__end_of_view_dashboard        text2        002950
__end_of_view_log              text1        002218
__end_of_write_DS1307          text20       001638
__end_of_write_external_eeprom text5        0017AE
__initialization               cinit        001888
__mediumconst                  mediumconst  002EDE
__pbssBANK0                    bssBANK0     000060
__pbssCOMRAM                   bssCOMRAM    000001
__pcinit                       cinit        001888
__pcstackCOMRAM                cstackCOMRAM 000028
__pdataBANK0                   dataBANK0    0000CE
__pdataCOMRAM                  dataCOMRAM   000047
__pidataBANK0                  idataBANK0   0015D8
__pidataCOMRAM                 idataCOMRAM  00156F
__pmediumconst                 mediumconst  002EDE
__ptext0                       text0        001E48
__ptext1                       text1        0020C8
__ptext10                      text10       001BCC
__ptext11                      text11       001C7C
__ptext12                      text12       001A2E
__ptext13                      text13       001D40
__ptext14                      text14       001638
__ptext15                      text15       0015B4
__ptext16                      text16       001592
__ptext17                      text17       001B24
__ptext18                      text18       0016D0
__ptext19                      text19       0017EE
__ptext2                       text2        00273C
__ptext20                      text20       00161A
__ptext21                      text21       001AA4
__ptext22                      text22       0016A6
__ptext23                      text23       002218
__ptext24                      text24       0016FE
__ptext25                      text25       001602
__ptext26                      text26       0023A6
__ptext27                      text27       00167C
__ptext28                      text28       001586
__ptext29                      text29       001566
__ptext3                       text3        0017AE
__ptext30                      text30       00155E
__ptext31                      text31       001556
__ptext32                      text32       00157A
__ptext33                      text33       00154E
__ptext34                      text34       0015A2
__ptext35                      text35       001548
__ptext36                      text36       001656
__ptext37                      text37       002540
__ptext38                      text38       0015EA
__ptext39                      text39       001836
__ptext4                       text4        001F7A
__ptext40                      text40       00194E
__ptext41                      text41       001734
__ptext5                       text5        00176E
__ptext6                       text6        0018EA
__ptext7                       text7        0019BA
__ptext8                       text8        0015C6
__ptext9                       text9        002950
__ramtop                       ramtop       000600
__smallconst                   smallconst   000000
_change                        bssCOMRAM    00000E
_clcd_print                    text40       00194E
_clcd_putch                    text38       0015EA
_clcd_write                    text41       001734
_clear_log                     text39       001836
_clock_reg                     bssCOMRAM    000001
_display_main_menu             text37       002540
_display_time                  text8        0015C6
_download_log                  text23       002218
_event_count                   bssCOMRAM    000014
_event_reader                  text26       0023A6
_event_store                   text4        001F7A
_events                        bssBANK0     000060
_field                         bssCOMRAM    000012
_flag                          bssCOMRAM    00000C
_gear                          dataBANK0    0000CE
_gear_index                    bssCOMRAM    000008
_get_time                      text21       001AA4
_hour                          bssCOMRAM    00001D
_i2c_idle                      text34       0015A2
_i2c_no_ack                    text35       001548
_i2c_read                      text32       00157A
_i2c_rep_start                 text31       001556
_i2c_rx_mode                   text33       00154E
_i2c_start                     text30       00155E
_i2c_stop                      text29       001566
_i2c_write                     text28       001586
_init_DS1307                   text19       0017EE
_init_adc                      text18       0016D0
_init_clcd                     text17       001B24
_init_config                   text14       001638
_init_i2c                      text16       001592
_init_matrix_keypad            text15       0015B4
_key                           bssCOMRAM    00001A
_main                          text0        001E48
_menu                          dataCOMRAM   000047
_menu_index                    bssCOMRAM    000006
_minute                        bssCOMRAM    00001E
_putch                         text25       001602
_puts                          text24       0016FE
_read_DS1307                   text22       0016A6
_read_adc                      text3        0017AE
_read_external_eeprom          text27       00167C
_read_switches                 text12       001A2E
_scan_key                      text13       001D40
_second                        bssCOMRAM    00001C
_select_index                  dataCOMRAM   00004F
_set_time                      text9        002950
_speed                         bssCOMRAM    00000A
_state                         bssCOMRAM    000019
_time                          bssCOMRAM    00001F
_view_dashboard                text2        00273C
_view_log                      text1        0020C8
_write_DS1307                  text20       00161A
_write_addr                    bssCOMRAM    00001B
_write_external_eeprom         text5        00176E
clcd_print@addr                cstackCOMRAM 00002C
clcd_print@data                cstackCOMRAM 00002A
clcd_putch@addr                cstackCOMRAM 000035
clcd_putch@data                cstackCOMRAM 000036
clcd_write@byte                cstackCOMRAM 000029
clcd_write@control_bit         cstackCOMRAM 000028
download_log@i                 cstackCOMRAM 000039
download_log@j                 cstackCOMRAM 00003B
download_log@s                 cstackCOMRAM 000037
end_of_initialization          cinit        0018E0
event_reader@i                 cstackCOMRAM 000031
event_reader@j                 cstackCOMRAM 000033
event_reader@read_addr         cstackCOMRAM 000030
event_store@gear               cstackCOMRAM 00003B
event_store@i                  cstackCOMRAM 000043
event_store@j                  cstackCOMRAM 000041
event_store@speed              cstackCOMRAM 00003D
event_store@time               cstackCOMRAM 000039
i2c_write@data                 cstackCOMRAM 000028
init_DS1307@dummy              cstackCOMRAM 00002B
intlevel0                      text         000000
intlevel1                      text         000000
intlevel2                      text         000000
intlevel3                      text         000000
isa$std                        (abs)        000001
isa$xinst                      (abs)        000000
putch@byte                     cstackCOMRAM 000028
puts@s                         cstackCOMRAM 000029
read_DS1307@address            cstackCOMRAM 000029
read_DS1307@data               cstackCOMRAM 00002A
read_external_eeprom@address   cstackCOMRAM 000029
read_external_eeprom@data      cstackCOMRAM 00002A
read_switches@detection_type   cstackCOMRAM 000028
read_switches@key              bssCOMRAM    000018
read_switches@once             dataCOMRAM   000051
set_time@hr                    cstackCOMRAM 000039
set_time@min                   cstackCOMRAM 00003A
set_time@sec                   cstackCOMRAM 00003B
set_time@wait                  bssCOMRAM    000004
stackhi                        (abs)        000000
stacklo                        (abs)        000000
start                          init         000000
start_initialization           cinit        001888
view_log@count                 bssCOMRAM    000016
view_log@flag                  bssCOMRAM    000017
write_DS1307@address           cstackCOMRAM 00002A
write_DS1307@data              cstackCOMRAM 000029
write_external_eeprom@address  cstackCOMRAM 000038
write_external_eeprom@data     cstackCOMRAM 000035
write_external_eeprom@i        cstackCOMRAM 000036


MODULE INFORMATION

Module		Function		Class		Link	Load	Size
C:\Program Files\Microchip\xc8\v2.41\pic\sources\c99\common\awmod.c
		___awmod       		CODE           	1BCC	0000	176

C:\Program Files\Microchip\xc8\v2.41\pic\sources\c99\common\awmod.c estimated size: 176

UART.c
		_putch         		CODE           	1602	0000	24
		_puts          		CODE           	16FE	0000	54

UART.c estimated size: 78

external EEPROM.c
		_write_external_eeprom		CODE           	176E	0000	64
		_read_external_eeprom		CODE           	167C	0000	42

external EEPROM.c estimated size: 106

matrix_keypad.c
		_init_matrix_keypad		CODE           	15B4	0000	18
		_read_switches 		CODE           	1A2E	0000	118
		_scan_key      		CODE           	1D40	0000	264

matrix_keypad.c estimated size: 400

store_event.c
		_event_store   		CODE           	1F7A	0000	334

store_event.c estimated size: 334

i2c.c
		_i2c_start     		CODE           	155E	0000	8
		_i2c_no_ack    		CODE           	1548	0000	6
		_i2c_rep_start 		CODE           	1556	0000	8
		_i2c_idle      		CODE           	15A2	0000	18
		_i2c_write     		CODE           	1586	0000	12
		_i2c_stop      		CODE           	1566	0000	8
		_i2c_read      		CODE           	157A	0000	12
		_init_i2c      		CODE           	1592	0000	16
		_i2c_rx_mode   		CODE           	154E	0000	8

i2c.c estimated size: 96

event_reader.c
		_event_reader  		CODE           	23A6	0000	410

event_reader.c estimated size: 410

C:\Program Files\Microchip\xc8\v2.41\pic\sources\c99\common\lwdiv.c
		___lwdiv       		CODE           	19BA	0000	116

C:\Program Files\Microchip\xc8\v2.41\pic\sources\c99\common\lwdiv.c estimated size: 116

C:\Program Files\Microchip\xc8\v2.41\pic\sources\c99\common\awdiv.c
		___awdiv       		CODE           	1C7C	0000	196

C:\Program Files\Microchip\xc8\v2.41\pic\sources\c99\common\awdiv.c estimated size: 196

dashboard.c
		_display_main_menu		CODE           	2540	0000	508
		_download_log  		CODE           	2218	0000	398
		_set_time      		CODE           	2950	0000	1422
		_view_dashboard		CODE           	273C	0000	532

dashboard.c estimated size: 2860

adc.c
		_init_adc      		CODE           	16D0	0000	46
		_read_adc      		CODE           	17AE	0000	64

adc.c estimated size: 110

clear_log.c
		_clear_log     		CODE           	1836	0000	82

clear_log.c estimated size: 82

shared
		__initialization		CODE           	1888	0000	88

shared estimated size: 88

clcd.c
		_clcd_write    		CODE           	1734	0000	58
		_clcd_print    		CODE           	194E	0000	108
		_clcd_putch    		CODE           	15EA	0000	24
		_init_clcd     		CODE           	1B24	0000	168

clcd.c estimated size: 358

DS1307.c
		_read_DS1307   		CODE           	16A6	0000	42
		_write_DS1307  		CODE           	161A	0000	30
		_display_time  		CODE           	15C6	0000	18
		_get_time      		CODE           	1AA4	0000	128
		_init_DS1307   		CODE           	17EE	0000	72

DS1307.c estimated size: 290

C:\Program Files\Microchip\xc8\v2.41\pic\sources\c99\common\Umul16.c
		___wmul        		CODE           	1656	0000	38

C:\Program Files\Microchip\xc8\v2.41\pic\sources\c99\common\Umul16.c estimated size: 38

MAIN.c
		_main          		CODE           	1E48	0000	306
		_init_config   		CODE           	1638	0000	30

MAIN.c estimated size: 336

view_log.c
		_view_log      		CODE           	20C8	0000	336

view_log.c estimated size: 336

C:\Program Files\Microchip\xc8\v2.41\pic\sources\c99\common\lwmod.c
		___lwmod       		CODE           	18EA	0000	100

C:\Program Files\Microchip\xc8\v2.41\pic\sources\c99\common\lwmod.c estimated size: 100

